node.exe : (node:1588) 
ExperimentalWarning: 
CommonJS module 
C:\Users\Muhammad Bin N
asir\AppData\Roaming\np
m\node_modules\npm\node
_modules\debug\src\node
.js is loading ES 
Module 
C:\Users\Muhammad Bin N
asir\AppData\Roaming\np
m\node_modules\npm\node
_modules\supports-color
\index.js using 
require().
At C:\Program Files\nod
ejs\npx.ps1:29 char:3
+   & $NODE_EXE 
$NPX_CLI_JS $args
+   ~~~~~~~~~~~~~~~~~~~
~~~~~~~~~~
    + CategoryInfo     
         : NotSpecifi  
  ed: ((node:1588) E   
 xp...sing require(    
).:String) [], Rem    
oteException
    + FullyQualifiedEr 
   rorId : NativeComm  
  andError
 
Support for loading ES 
Module in require() is 
an experimental 
feature and might 
change at any time
(Use `node 
--trace-warnings ...` 
to show where the 
warning was created)
